// Jest Snapshot v1, https://goo.gl/fbAQLP

exports[`createCard Card generates DOM element and matches 1`] = `
<li
  class="cards"
>
  <img
    class="cards__front"
    src="imgFront"
  />
  <img
    class="cards__back"
    src="[object Object]"
  />
</li>
`;
